Downloading https://services.gradle.org/distributions/gradle-8.14.3-all.zip
.....................10%.....................20%......................30%.....................40%......................50%.....................60%.....................70%......................80%.....................90%......................100%

Welcome to Gradle 8.14.3!

Here are the highlights of this release:
 - Java 24 support
 - GraalVM Native Image toolchain selection
 - Enhancements to test reporting
 - Build Authoring improvements

For more details see https://docs.gradle.org/8.14.3/release-notes.html

To honour the JVM settings for this build a single-use Daemon process will be forked. For more on this, please refer to https://docs.gradle.org/8.14.3/userguide/gradle_daemon.html#sec:disabling_the_daemon in the Gradle documentation.
Daemon will be stopped at the end of the build 

> Configure project :app
WARNING: Using flatDir should be avoided because it doesn't support any meta-data formats.

> Configure project :capacitor-cordova-android-plugins
WARNING: Using flatDir should be avoided because it doesn't support any meta-data formats.

> Task :app:preBuild UP-TO-DATE
> Task :app:preReleaseBuild UP-TO-DATE
> Task :app:mergeReleaseJniLibFolders
> Task :capacitor-android:preBuild UP-TO-DATE
> Task :capacitor-android:preReleaseBuild UP-TO-DATE
> Task :capacitor-android:mergeReleaseJniLibFolders
> Task :capacitor-android:mergeReleaseNativeLibs NO-SOURCE
> Task :capacitor-app:preBuild UP-TO-DATE
> Task :capacitor-app:preReleaseBuild UP-TO-DATE
> Task :capacitor-android:copyReleaseJniLibsProjectOnly
> Task :capacitor-app:mergeReleaseJniLibFolders
> Task :capacitor-app:mergeReleaseNativeLibs NO-SOURCE
> Task :capacitor-app:copyReleaseJniLibsProjectOnly
> Task :capacitor-cordova-android-plugins:preBuild UP-TO-DATE
> Task :capacitor-cordova-android-plugins:preReleaseBuild UP-TO-DATE
> Task :capacitor-cordova-android-plugins:mergeReleaseJniLibFolders
> Task :capacitor-cordova-android-plugins:mergeReleaseNativeLibs NO-SOURCE
> Task :capacitor-filesystem:preBuild UP-TO-DATE
> Task :capacitor-filesystem:preReleaseBuild UP-TO-DATE
> Task :capacitor-cordova-android-plugins:copyReleaseJniLibsProjectOnly
> Task :capacitor-filesystem:mergeReleaseJniLibFolders
> Task :capacitor-filesystem:mergeReleaseNativeLibs NO-SOURCE
> Task :capacitor-local-notifications:preBuild UP-TO-DATE
> Task :capacitor-local-notifications:preReleaseBuild UP-TO-DATE
> Task :capacitor-filesystem:copyReleaseJniLibsProjectOnly
> Task :capacitor-local-notifications:mergeReleaseJniLibFolders
> Task :capacitor-local-notifications:mergeReleaseNativeLibs NO-SOURCE
> Task :capacitor-local-notifications:copyReleaseJniLibsProjectOnly
> Task :capacitor-android:generateReleaseResValues
> Task :app:mergeReleaseNativeLibs NO-SOURCE
> Task :app:stripReleaseDebugSymbols NO-SOURCE
> Task :app:extractReleaseNativeSymbolTables NO-SOURCE
> Task :app:mergeReleaseNativeDebugMetadata NO-SOURCE
> Task :capacitor-android:generateReleaseResources
> Task :capacitor-android:packageReleaseResources
> Task :capacitor-android:processReleaseNavigationResources
> Task :capacitor-app:generateReleaseResValues
> Task :capacitor-android:javaPreCompileRelease
> Task :capacitor-app:generateReleaseResources
> Task :capacitor-app:packageReleaseResources
> Task :capacitor-app:processReleaseNavigationResources
> Task :capacitor-filesystem:checkKotlinGradlePluginConfigurationErrors SKIPPED
> Task :capacitor-filesystem:generateReleaseResValues
> Task :capacitor-app:javaPreCompileRelease
> Task :capacitor-filesystem:generateReleaseResources
> Task :capacitor-filesystem:packageReleaseResources
> Task :capacitor-filesystem:processReleaseNavigationResources
> Task :capacitor-app:parseReleaseLocalResources
> Task :capacitor-android:parseReleaseLocalResources
> Task :capacitor-filesystem:javaPreCompileRelease
> Task :capacitor-local-notifications:checkKotlinGradlePluginConfigurationErrors SKIPPED
> Task :capacitor-filesystem:parseReleaseLocalResources
> Task :capacitor-local-notifications:generateReleaseResValues
> Task :capacitor-local-notifications:generateReleaseResources
> Task :capacitor-android:generateReleaseRFile
> Task :capacitor-app:generateReleaseRFile
> Task :capacitor-filesystem:generateReleaseRFile
> Task :capacitor-local-notifications:packageReleaseResources

> Task :capacitor-android:compileReleaseJavaWithJavac
Note: Some input files use unchecked or unsafe operations.
Note: Recompile with -Xlint:unchecked for details.

> Task :capacitor-local-notifications:processReleaseNavigationResources
> Task :capacitor-local-notifications:javaPreCompileRelease
> Task :capacitor-local-notifications:parseReleaseLocalResources
> Task :capacitor-cordova-android-plugins:generateReleaseResValues
> Task :capacitor-android:bundleLibCompileToJarRelease
> Task :capacitor-local-notifications:generateReleaseRFile
> Task :capacitor-android:bundleLibRuntimeToDirRelease
> Task :capacitor-app:compileReleaseJavaWithJavac
> Task :capacitor-app:bundleLibRuntimeToDirRelease
> Task :capacitor-cordova-android-plugins:generateReleaseResources
> Task :capacitor-cordova-android-plugins:packageReleaseResources
> Task :capacitor-cordova-android-plugins:processReleaseNavigationResources
> Task :capacitor-cordova-android-plugins:javaPreCompileRelease
> Task :capacitor-cordova-android-plugins:parseReleaseLocalResources
> Task :capacitor-cordova-android-plugins:generateReleaseRFile
> Task :app:checkReleaseDuplicateClasses
> Task :capacitor-cordova-android-plugins:compileReleaseJavaWithJavac NO-SOURCE
> Task :capacitor-cordova-android-plugins:bundleLibRuntimeToDirRelease
> Task :app:javaPreCompileRelease
> Task :capacitor-android:writeReleaseAarMetadata
> Task :capacitor-app:writeReleaseAarMetadata
> Task :capacitor-cordova-android-plugins:writeReleaseAarMetadata
> Task :capacitor-filesystem:writeReleaseAarMetadata
> Task :capacitor-local-notifications:writeReleaseAarMetadata
> Task :app:processReleaseNavigationResources
> Task :app:checkReleaseAarMetadata
> Task :app:compileReleaseNavigationResources
> Task :app:generateReleaseResValues
> Task :app:mapReleaseSourceSetPaths
> Task :app:generateReleaseResources
> Task :app:packageReleaseResources
> Task :app:parseReleaseLocalResources
> Task :app:createReleaseCompatibleScreenManifests
> Task :app:extractDeepLinksRelease
> Task :capacitor-android:extractDeepLinksRelease
> Task :capacitor-android:processReleaseManifest
> Task :capacitor-app:extractDeepLinksRelease
> Task :capacitor-app:processReleaseManifest
> Task :capacitor-cordova-android-plugins:extractDeepLinksRelease
> Task :capacitor-cordova-android-plugins:processReleaseManifest
> Task :capacitor-filesystem:extractDeepLinksRelease
> Task :capacitor-filesystem:processReleaseManifest
> Task :capacitor-local-notifications:extractDeepLinksRelease
> Task :capacitor-local-notifications:processReleaseManifest
> Task :app:processReleaseMainManifest
> Task :app:mergeReleaseResources
> Task :app:processReleaseManifest
> Task :app:processReleaseManifestForPackage
> Task :capacitor-app:compileReleaseLibraryResources
> Task :capacitor-android:compileReleaseLibraryResources
> Task :capacitor-cordova-android-plugins:compileReleaseLibraryResources
> Task :capacitor-filesystem:compileReleaseLibraryResources
> Task :capacitor-app:bundleLibCompileToJarRelease
> Task :capacitor-local-notifications:compileReleaseLibraryResources
> Task :capacitor-cordova-android-plugins:bundleLibCompileToJarRelease
> Task :app:desugarReleaseFileDependencies
> Task :app:mergeReleaseStartupProfile

> Task :capacitor-filesystem:compileReleaseKotlin
w: file:///home/runner/work/Reader/Reader/android-app/node_modules/@capacitor/filesystem/android/src/main/kotlin/com/capacitorjs/plugins/filesystem/FilesystemPlugin.kt:335:31 'fun downloadFile(call: PluginCall): Unit' is deprecated. Use @capacitor/file-transfer plugin instead.
w: file:///home/runner/work/Reader/Reader/android-app/node_modules/@capacitor/filesystem/android/src/main/kotlin/com/capacitorjs/plugins/filesystem/LegacyFilesystemImplementation.kt:66:29 Java type mismatch: inferred type is 'String?', but 'String' was expected.

> Task :app:processReleaseResources
> Task :capacitor-local-notifications:compileReleaseKotlin
> Task :capacitor-filesystem:compileReleaseJavaWithJavac NO-SOURCE
> Task :capacitor-local-notifications:compileReleaseJavaWithJavac NO-SOURCE
> Task :capacitor-filesystem:bundleLibCompileToJarRelease
> Task :capacitor-filesystem:bundleLibRuntimeToDirRelease
> Task :capacitor-local-notifications:bundleLibRuntimeToDirRelease
> Task :capacitor-local-notifications:bundleLibCompileToJarRelease

> Task :app:compileReleaseJavaWithJavac
Note: Some input files use or override a deprecated API.
Note: Recompile with -Xlint:deprecation for details.

> Task :app:dexBuilderRelease
> Task :capacitor-android:prepareReleaseArtProfile
> Task :capacitor-app:prepareReleaseArtProfile
> Task :capacitor-cordova-android-plugins:prepareReleaseArtProfile
> Task :capacitor-filesystem:prepareReleaseArtProfile
> Task :capacitor-local-notifications:prepareReleaseArtProfile
> Task :capacitor-app:bundleLibRuntimeToJarRelease
> Task :app:mergeReleaseArtProfile
> Task :capacitor-filesystem:bundleLibRuntimeToJarRelease
> Task :capacitor-local-notifications:bundleLibRuntimeToJarRelease
> Task :capacitor-android:bundleLibRuntimeToJarRelease
> Task :capacitor-cordova-android-plugins:bundleLibRuntimeToJarRelease
> Task :app:mergeReleaseShaders
> Task :app:compileReleaseShaders NO-SOURCE
> Task :app:generateReleaseAssets UP-TO-DATE
> Task :capacitor-android:mergeReleaseShaders
> Task :capacitor-android:compileReleaseShaders NO-SOURCE
> Task :capacitor-android:generateReleaseAssets UP-TO-DATE
> Task :capacitor-android:mergeReleaseAssets
> Task :capacitor-app:mergeReleaseShaders
> Task :capacitor-app:compileReleaseShaders NO-SOURCE
> Task :capacitor-app:generateReleaseAssets UP-TO-DATE
> Task :capacitor-app:mergeReleaseAssets
> Task :capacitor-cordova-android-plugins:mergeReleaseShaders
> Task :capacitor-cordova-android-plugins:compileReleaseShaders NO-SOURCE
> Task :capacitor-cordova-android-plugins:generateReleaseAssets UP-TO-DATE
> Task :capacitor-cordova-android-plugins:mergeReleaseAssets
> Task :capacitor-filesystem:mergeReleaseShaders
> Task :capacitor-filesystem:compileReleaseShaders NO-SOURCE
> Task :capacitor-filesystem:generateReleaseAssets UP-TO-DATE
> Task :capacitor-filesystem:mergeReleaseAssets
> Task :capacitor-local-notifications:mergeReleaseShaders
> Task :capacitor-local-notifications:compileReleaseShaders NO-SOURCE
> Task :capacitor-local-notifications:generateReleaseAssets UP-TO-DATE
> Task :app:mergeExtDexRelease
> Task :capacitor-local-notifications:mergeReleaseAssets
> Task :app:mergeReleaseAssets
> Task :app:compressReleaseAssets
> Task :app:extractReleaseVersionControlInfo
> Task :app:extractProguardFiles
> Task :capacitor-android:processReleaseJavaRes NO-SOURCE
> Task :capacitor-android:createFullJarRelease
> Task :capacitor-android:extractProguardFiles
> Task :capacitor-android:generateReleaseLintModel
> Task :app:mergeReleaseGlobalSynthetics
> Task :capacitor-app:processReleaseJavaRes NO-SOURCE
> Task :capacitor-android:prepareLintJarForPublish
> Task :capacitor-app:createFullJarRelease
> Task :capacitor-app:extractProguardFiles
> Task :capacitor-app:generateReleaseLintModel
> Task :capacitor-app:prepareLintJarForPublish
> Task :capacitor-cordova-android-plugins:processReleaseJavaRes NO-SOURCE
> Task :capacitor-cordova-android-plugins:createFullJarRelease
> Task :capacitor-cordova-android-plugins:extractProguardFiles
> Task :app:mergeDexRelease
> Task :capacitor-cordova-android-plugins:generateReleaseLintModel
> Task :capacitor-cordova-android-plugins:prepareLintJarForPublish
> Task :capacitor-filesystem:processReleaseJavaRes
> Task :capacitor-filesystem:createFullJarRelease
> Task :capacitor-filesystem:extractProguardFiles
> Task :capacitor-filesystem:generateReleaseLintModel
> Task :capacitor-filesystem:prepareLintJarForPublish
> Task :capacitor-local-notifications:processReleaseJavaRes
> Task :capacitor-local-notifications:createFullJarRelease
> Task :capacitor-local-notifications:extractProguardFiles
> Task :capacitor-local-notifications:generateReleaseLintModel
> Task :capacitor-local-notifications:prepareLintJarForPublish
> Task :capacitor-app:checkReleaseAarMetadata
> Task :app:generateReleaseLintVitalReportModel
> Task :capacitor-app:stripReleaseDebugSymbols NO-SOURCE
> Task :capacitor-app:extractDeepLinksForAarRelease
> Task :capacitor-app:copyReleaseJniLibsProjectAndLocalJars
> Task :app:compileReleaseArtProfile
> Task :capacitor-app:extractReleaseAnnotations
> Task :capacitor-app:mergeReleaseGeneratedProguardFiles
> Task :capacitor-app:mergeReleaseConsumerProguardFiles
> Task :capacitor-filesystem:stripReleaseDebugSymbols NO-SOURCE
> Task :capacitor-filesystem:extractDeepLinksForAarRelease
> Task :capacitor-filesystem:copyReleaseJniLibsProjectAndLocalJars
> Task :capacitor-filesystem:checkReleaseAarMetadata
> Task :capacitor-app:mergeReleaseJavaResource
> Task :capacitor-filesystem:extractReleaseAnnotations
> Task :capacitor-app:syncReleaseLibJars
> Task :capacitor-app:bundleReleaseLocalLintAar
> Task :capacitor-filesystem:mergeReleaseGeneratedProguardFiles
> Task :capacitor-filesystem:mergeReleaseConsumerProguardFiles
> Task :capacitor-local-notifications:stripReleaseDebugSymbols NO-SOURCE
> Task :capacitor-local-notifications:checkReleaseAarMetadata
> Task :capacitor-local-notifications:copyReleaseJniLibsProjectAndLocalJars
> Task :capacitor-local-notifications:extractDeepLinksForAarRelease
> Task :capacitor-filesystem:mergeReleaseJavaResource
> Task :capacitor-local-notifications:extractReleaseAnnotations
> Task :capacitor-filesystem:syncReleaseLibJars
> Task :capacitor-filesystem:bundleReleaseLocalLintAar
> Task :capacitor-local-notifications:mergeReleaseGeneratedProguardFiles
> Task :capacitor-local-notifications:mergeReleaseConsumerProguardFiles
> Task :capacitor-local-notifications:mergeReleaseJavaResource
> Task :capacitor-android:checkReleaseAarMetadata
> Task :capacitor-local-notifications:syncReleaseLibJars
> Task :capacitor-local-notifications:bundleReleaseLocalLintAar
> Task :capacitor-android:stripReleaseDebugSymbols NO-SOURCE
> Task :capacitor-android:copyReleaseJniLibsProjectAndLocalJars
> Task :capacitor-android:extractDeepLinksForAarRelease
> Task :capacitor-android:extractReleaseAnnotations
> Task :capacitor-android:mergeReleaseGeneratedProguardFiles
> Task :capacitor-android:mergeReleaseConsumerProguardFiles
> Task :capacitor-android:mergeReleaseJavaResource
> Task :capacitor-cordova-android-plugins:checkReleaseAarMetadata
> Task :capacitor-android:syncReleaseLibJars
> Task :capacitor-android:bundleReleaseLocalLintAar
> Task :capacitor-cordova-android-plugins:stripReleaseDebugSymbols NO-SOURCE
> Task :capacitor-cordova-android-plugins:copyReleaseJniLibsProjectAndLocalJars
> Task :capacitor-cordova-android-plugins:extractDeepLinksForAarRelease
> Task :capacitor-cordova-android-plugins:extractReleaseAnnotations
> Task :capacitor-cordova-android-plugins:mergeReleaseGeneratedProguardFiles
> Task :capacitor-cordova-android-plugins:mergeReleaseConsumerProguardFiles
> Task :capacitor-cordova-android-plugins:mergeReleaseJavaResource
> Task :capacitor-cordova-android-plugins:syncReleaseLibJars
> Task :capacitor-cordova-android-plugins:bundleReleaseLocalLintAar
> Task :capacitor-android:writeReleaseLintModelMetadata
> Task :capacitor-app:writeReleaseLintModelMetadata
> Task :capacitor-cordova-android-plugins:writeReleaseLintModelMetadata
> Task :capacitor-filesystem:writeReleaseLintModelMetadata
> Task :capacitor-local-notifications:writeReleaseLintModelMetadata
> Task :capacitor-android:generateReleaseLintVitalModel
> Task :capacitor-app:generateReleaseLintVitalModel
> Task :capacitor-cordova-android-plugins:generateReleaseLintVitalModel
> Task :capacitor-filesystem:generateReleaseLintVitalModel
> Task :capacitor-local-notifications:generateReleaseLintVitalModel
> Task :app:processReleaseJavaRes NO-SOURCE
> Task :app:optimizeReleaseResources
> Task :app:collectReleaseDependencies
> Task :app:sdkReleaseDependencyData
> Task :app:validateSigningRelease
> Task :app:writeReleaseAppMetadata
> Task :app:writeReleaseSigningConfigVersions
> Task :capacitor-android:bundleReleaseAar
> Task :capacitor-android:mapReleaseSourceSetPaths
> Task :app:mergeReleaseJavaResource
> Task :capacitor-android:mergeReleaseResources
> Task :capacitor-app:bundleReleaseAar
> Task :capacitor-app:mapReleaseSourceSetPaths
> Task :capacitor-app:mergeReleaseResources
> Task :capacitor-android:verifyReleaseResources
> Task :capacitor-android:assembleRelease
> Task :capacitor-cordova-android-plugins:bundleReleaseAar
> Task :capacitor-cordova-android-plugins:mapReleaseSourceSetPaths
> Task :capacitor-app:verifyReleaseResources
> Task :capacitor-cordova-android-plugins:mergeReleaseResources
> Task :capacitor-app:assembleRelease
> Task :capacitor-filesystem:bundleReleaseAar
> Task :capacitor-filesystem:mapReleaseSourceSetPaths
> Task :capacitor-filesystem:mergeReleaseResources
> Task :capacitor-cordova-android-plugins:verifyReleaseResources
> Task :capacitor-cordova-android-plugins:assembleRelease
> Task :capacitor-local-notifications:bundleReleaseAar
> Task :capacitor-local-notifications:mapReleaseSourceSetPaths
> Task :capacitor-filesystem:verifyReleaseResources
> Task :capacitor-local-notifications:mergeReleaseResources
> Task :capacitor-filesystem:assembleRelease
> Task :capacitor-local-notifications:verifyReleaseResources
> Task :capacitor-local-notifications:assembleRelease
> Task :capacitor-app:lintVitalAnalyzeRelease
> Task :capacitor-cordova-android-plugins:lintVitalAnalyzeRelease
> Task :capacitor-android:lintVitalAnalyzeRelease
> Task :capacitor-filesystem:lintVitalAnalyzeRelease
> Task :capacitor-local-notifications:lintVitalAnalyzeRelease
> Task :app:lintVitalAnalyzeRelease
> Task :app:lintVitalReportRelease
> Task :app:lintVitalRelease
> Task :app:packageRelease
> Task :app:createReleaseApkListingFileRedirect
> Task :app:assembleRelease
w: Detected multiple Kotlin daemon sessions at 

[Incubating] Problems report is available at: file:///home/runner/work/Reader/Reader/android-app/android/build/reports/problems/problems-report.html

Deprecated Gradle features were used in this build, making it incompatible with Gradle 9.0.

You can use '--warning-mode all' to show the individual deprecation warnings and determine if they come from your own scripts or plugins.

For more on this, please refer to https://docs.gradle.org/8.14.3/userguide/command_line_interface.html#sec:command_line_warnings in the Gradle documentation.

BUILD SUCCESSFUL in 2m 27s
246 actionable tasks: 246 executed
